[2026-10-01 15:49Z] bluesky recall:opss-2609-0156
Recall: Allegro A1 E-bike
Serious risk of fire.
United Kingdom · Source: UK Office for Product Safety and Standards
#Recall #ProductSafety

[2026-10-01 15:49Z] bluesky recall:opss-2609-0154
Recall: Loomerig Luxury Double Mattress Topper
Risk of fire.
United Kingdom · Source: UK Office for Product Safety and Standards
#Recall #ProductSafety

[2026-10-01 15:49Z] bluesky recall:opss-2609-0079
Recall: hahaland Baby Tissue Box Toy sold via Amazon
Serious risk of strangulation.
United Kingdom · Source: UK Office for Product Safety and Standards
#Recall #ChildSafety

[2026-10-01 15:49Z] bluesky weekly:2026-w39
Weekly recall roundup: 247 official recalls in the US, Canada, the UK and Europe, 21 Sep – 27 Sep 2026, up 24% on the week before. Most were drugs & medical and electrical; 84 flagged as serious. #Recall

[2026-10-01 15:49Z] mastodon recall:opss-2609-0156
Recall: Allegro A1 E-bike
Serious risk of fire.
United Kingdom · Source: UK Office for Product Safety and Standards
Official notice: https://www.gov.uk/product-safety-alerts-reports-recalls/product-safety-report-allegro-a1-e-bike-2609-0156
More: https://recallatlas.org/recall/allegro-a1-e-bike-b3b8df/
#Recall #ProductSafety

[2026-10-01 15:49Z] mastodon recall:opss-2609-0154
Recall: Loomerig Luxury Double Mattress Topper
Risk of fire.
United Kingdom · Source: UK Office for Product Safety and Standards
Official notice: https://www.gov.uk/product-safety-alerts-reports-recalls/product-safety-report-loomerig-luxury-double-mattress-topper-2609-0154
More: https://recallatlas.org/recall/loomerig-luxury-double-mattress-topper-8b0994/
#Recall #ProductSafety

[2026-10-01 15:49Z] mastodon recall:opss-2609-0079
Recall: hahaland Baby Tissue Box Toy sold via Amazon
Serious risk of strangulation.
United Kingdom · Source: UK Office for Product Safety and Standards
Official notice: https://www.gov.uk/product-safety-alerts-reports-recalls/product-safety-report-hahaland-baby-tissue-box-toy-sold-via-amazon-2609-0079
More: https://recallatlas.org/recall/hahaland-baby-tissue-box-toy-sold-via-amazon-8ab9d4/
#Recall #ChildSafety

[2026-10-01 15:49Z] mastodon weekly:2026-w39
Weekly recall roundup: 247 official recalls and safety alerts were published in the week of 21 Sep – 27 Sep 2026, up 24% on the week before (199). Most were drugs & medical (49) and electrical (41); common issues included charger and adapter (25), fire hazard (22), e-cigarette (17). 84 were flagged as serious.
https://recallatlas.org/weekly/2026-w39/ #Recall

[2026-10-01 15:49Z] x weekly:2026-w39
Weekly recall roundup: 247 official recalls in the US, Canada, the UK and Europe, 21 Sep – 27 Sep 2026, up 24% on the week before. Most were drugs & medical and electrical; 84 flagged as serious.
https://recallatlas.org/weekly/2026-w39/ #Recall

[2026-10-01 16:29Z] bluesky recall:opss-2608-0035
Recall: CCM Premier 92 HPM Premier 92 M10 Paper Guillotine
Serious risk of injuries.
United Kingdom · Source: UK Office for Product Safety and Standards
#Recall #ProductSafety

[2026-10-01 16:29Z] bluesky recall:opss-2601-0139
Recall: Baby Sleep Pillow – Blue and White Cat sold via Fruugo
Serious risk of suffocation.
United Kingdom · Source: UK Office for Product Safety and Standards
#Recall #ChildSafety

[2026-10-01 16:29Z] bluesky recall:eu-SR/02788/26
Recall: Lighting chain (nincs) · lampki choinkowe
The product lacks sufficient insulation, making live parts accessible. Additionally, the unit lacks a proper mechanical wire strain relief device, the structure allows…
Hungary · Source: European Commission's Safety Gate
#Recall #ProductSafety

[2026-10-01 17:48Z] bluesky recall:eu-SR/02781/26
Recall: Lamp (ALDEX)
The internal elements of the product are not properly attached and may contact the metal casing. Moreover, the wires are not adequately insulated and can easily tear. Additionally, the lamp socket is not…
Poland · Source: European Commission's Safety Gate
#Recall #ProductSafety

[2026-10-01 17:48Z] bluesky recall:eu-SR/02775/26
Recall: Rain poncho (RainKiss)
The product has long drawstrings with free ends at the level of the neck. These drawstrings can become trapped during various activities of the child, leading to strangulation and injuries.
Estonia · Source: European Commission's Safety Gate
#Recall #ProductSafety

[2026-10-01 17:48Z] bluesky recall:eu-SR/02768/26
Recall: Anti-insect lamp · Mosquito Killer Lamp
The protective grille of the product can be removed during routine maintenance, leaving live parts accessible. Consequently, the user may touch them and receive an…
Northern Ireland · Source: European Commission's Safety Gate
#Recall #ProductSafety

